// Vitest Snapshot v1, https://vitest.dev/guide/snapshot.html

exports[`Snapshot — Neutral Best Case financial metrics > Y1-Y5 EBITDA snapshot (万) 1`] = `
[
  -578,
  -175,
  664,
  2505,
  5026,
]
`;

exports[`Snapshot — Neutral Best Case financial metrics > Y1-Y5 cumulative beds snapshot 1`] = `
[
  0,
  160,
  1240,
  3460,
  6021,
]
`;

exports[`Snapshot — Neutral Best Case financial metrics > Y1-Y5 revenue snapshot (万) 1`] = `
[
  0,
  757,
  2654,
  6527,
  9416,
]
`;

exports[`Snapshot — Neutral Best Case financial metrics > Y6-Y10 revenue snapshot (万) 1`] = `
[
  12241,
  15913,
  20687,
  25858,
  32323,
]
`;
